// Jest Snapshot v1, https://goo.gl/fbAQLP

exports[`renders correctly 1`] = `
<Text
  accessible={true}
  allowFontScaling={true}
  disabled={false}
  ellipsizeMode="tail"
  style={
    Array [
      undefined,
    ]
  }
>
  Snapshot test!
</Text>
`;
